2025-04-08 07:05:00 | DEBUG | repo=course-sys-int-activemq-seminar | action=commit
2025-08-15 20:39:00 | DEBUG | repo=course-sys-int-activemq-seminar | action=commit
2025-01-24 07:58:00 | INFO | repo=course-sys-int-activemq-seminar | action=commit
2025-08-11 20:50:00 | INFO | repo=course-sys-int-activemq-seminar | action=commit
2025-10-27 10:26:00 | WARN | repo=course-sys-int-activemq-seminar | action=commit
2025-06-11 11:39:00 | DEBUG | repo=course-sys-int-activemq-seminar | action=edit | files=1
2025-01-09 07:29:00 | INFO | repo=course-sys-int-activemq-seminar | action=test | passed=true
2025-01-04 15:31:00 | DEBUG | repo=course-sys-int-activemq-seminar | action=edit | files=3
2025-06-22 18:52:00 | WARN | repo=course-sys-int-activemq-seminar | action=test | passed=true
2025-03-01 14:17:00 | INFO | repo=course-sys-int-activemq-seminar | action=commit
2025-05-22 15:05:00 | INFO | repo=course-sys-int-activemq-seminar | action=commit
2025-05-15 15:11:00 | INFO | repo=course-sys-int-activemq-seminar | action=commit
2025-10-08 10:20:00 | INFO | repo=course-sys-int-activemq-seminar | action=commit
2025-05-04 15:42:00 | WARN | repo=course-sys-int-activemq-seminar | action=commit
2025-11-18 17:28:00 | DEBUG | repo=course-sys-int-activemq-seminar | action=commit
2025-05-10 18:50:00 | DEBUG | repo=course-sys-int-activemq-seminar | action=pull
2025-04-09 19:31:00 | INFO | repo=course-sys-int-activemq-seminar | action=commit
2025-10-20 12:09:00 | INFO | repo=course-sys-int-activemq-seminar | action=commit
2025-09-07 20:48:00 | INFO | repo=course-sys-int-activemq-seminar | action=edit | files=1
2025-12-14 08:28:00 | DEBUG | repo=course-sys-int-activemq-seminar | action=pull
2025-12-19 15:38:00 | WARN | repo=course-sys-int-activemq-seminar | action=commit
2025-02-27 19:28:00 | WARN | repo=course-sys-int-activemq-seminar | action=commit
2025-11-01 07:55:00 | INFO | repo=course-sys-int-activemq-seminar | action=commit
2025-09-27 14:17:00 | INFO | repo=course-sys-int-activemq-seminar | action=edit | files=2
2025-03-13 20:55:00 | WARN | repo=course-sys-int-activemq-seminar | action=commit
2025-09-16 15:48:00 | INFO | repo=course-sys-int-activemq-seminar | action=edit | files=3
2025-06-24 13:51:00 | INFO | repo=course-sys-int-activemq-seminar | action=commit
2025-12-08 14:42:00 | DEBUG | repo=course-sys-int-activemq-seminar | action=commit
2025-10-23 14:08:00 | DEBUG | repo=course-sys-int-activemq-seminar | action=commit
2025-02-05 12:35:00 | DEBUG | repo=course-sys-int-activemq-seminar | action=commit
2025-07-13 08:05:00 | INFO | repo=course-sys-int-activemq-seminar | action=commit
2025-12-06 15:50:00 | WARN | repo=course-sys-int-activemq-seminar | action=edit | files=1
2025-07-28 18:06:00 | INFO | repo=course-sys-int-activemq-seminar | action=commit
2025-06-09 18:53:00 | DEBUG | repo=course-sys-int-activemq-seminar | action=commit
2025-08-12 19:07:00 | INFO | repo=course-sys-int-activemq-seminar | action=commit
2025-12-10 08:20:00 | WARN | repo=course-sys-int-activemq-seminar | action=commit
2025-10-01 15:19:00 | INFO | repo=course-sys-int-activemq-seminar | action=commit
2025-02-08 15:23:00 | INFO | repo=course-sys-int-activemq-seminar | action=commit
2025-10-20 15:07:00 | WARN | repo=course-sys-int-activemq-seminar | action=commit
2025-03-16 21:16:00 | WARN | repo=course-sys-int-activemq-seminar | action=commit
2025-03-05 18:10:00 | DEBUG | repo=course-sys-int-activemq-seminar | action=commit
2025-07-04 07:54:00 | WARN | repo=course-sys-int-activemq-seminar | action=commit
2025-07-16 18:41:00 | INFO | repo=course-sys-int-activemq-seminar | action=commit
2025-01-24 07:00:00 | WARN | repo=course-sys-int-activemq-seminar | action=pull
2025-03-11 09:53:00 | DEBUG | repo=course-sys-int-activemq-seminar | action=commit
2025-05-02 07:30:00 | INFO | repo=course-sys-int-activemq-seminar | action=commit
2025-05-25 16:42:00 | INFO | repo=course-sys-int-activemq-seminar | action=commit
2025-08-14 19:16:00 | DEBUG | repo=course-sys-int-activemq-seminar | action=pull
2025-12-25 17:20:00 | WARN | repo=course-sys-int-activemq-seminar | action=commit
2025-06-20 10:02:00 | DEBUG | repo=course-sys-int-activemq-seminar | action=commit
2025-09-25 21:40:00 | WARN | repo=course-sys-int-activemq-seminar | action=commit
2025-05-22 20:28:00 | INFO | repo=course-sys-int-activemq-seminar | action=commit
2025-03-20 18:03:00 | WARN | repo=course-sys-int-activemq-seminar | action=commit
2025-03-20 07:12:00 | DEBUG | repo=course-sys-int-activemq-seminar | action=edit | files=4
2025-11-18 10:25:00 | DEBUG | repo=course-sys-int-activemq-seminar | action=commit
2025-08-05 14:22:00 | WARN | repo=course-sys-int-activemq-seminar | action=commit
2025-11-05 14:48:00 | DEBUG | repo=course-sys-int-activemq-seminar | action=commit
2025-12-05 19:15:00 | WARN | repo=course-sys-int-activemq-seminar | action=edit | files=5
2025-04-17 08:29:00 | DEBUG | repo=course-sys-int-activemq-seminar | action=commit
2025-02-16 10:59:00 | INFO | repo=course-sys-int-activemq-seminar | action=edit | files=4
2025-07-07 21:43:00 | DEBUG | repo=course-sys-int-activemq-seminar | action=commit
2025-01-22 10:57:00 | WARN | repo=course-sys-int-activemq-seminar | action=commit
2025-05-18 10:59:00 | WARN | repo=course-sys-int-activemq-seminar | action=commit
2025-02-15 17:29:00 | INFO | repo=course-sys-int-activemq-seminar | action=commit
2025-08-18 08:44:00 | WARN | repo=course-sys-int-activemq-seminar | action=commit
2025-12-12 20:31:00 | WARN | repo=course-sys-int-activemq-seminar | action=commit
2025-12-10 08:31:00 | DEBUG | repo=course-sys-int-activemq-seminar | action=test | passed=true
2025-03-13 08:40:00 | INFO | repo=course-sys-int-activemq-seminar | action=commit
2025-08-19 21:58:00 | INFO | repo=course-sys-int-activemq-seminar | action=commit
2025-10-24 16:48:00 | INFO | repo=course-sys-int-activemq-seminar | action=commit
2025-06-04 15:49:00 | WARN | repo=course-sys-int-activemq-seminar | action=commit
2025-07-22 20:24:00 | DEBUG | repo=course-sys-int-activemq-seminar | action=commit
2025-08-08 18:29:00 | DEBUG | repo=course-sys-int-activemq-seminar | action=commit
2025-01-24 08:34:00 | WARN | repo=course-sys-int-activemq-seminar | action=commit
2025-06-11 08:47:00 | WARN | repo=course-sys-int-activemq-seminar | action=test | passed=true
2025-12-21 07:50:00 | INFO | repo=course-sys-int-activemq-seminar | action=commit
2025-08-17 20:29:00 | DEBUG | repo=course-sys-int-activemq-seminar | action=commit
2025-02-01 11:55:00 | DEBUG | repo=course-sys-int-activemq-seminar | action=commit
2025-09-20 11:06:00 | DEBUG | repo=course-sys-int-activemq-seminar | action=commit
2025-04-13 21:32:00 | DEBUG | repo=course-sys-int-activemq-seminar | action=commit
2025-02-18 09:58:00 | WARN | repo=course-sys-int-activemq-seminar | action=pull
2025-10-15 14:54:00 | INFO | repo=course-sys-int-activemq-seminar | action=commit
2025-02-27 15:29:00 | INFO | repo=course-sys-int-activemq-seminar | action=commit
2025-07-19 21:03:00 | DEBUG | repo=course-sys-int-activemq-seminar | action=commit
2025-06-28 07:47:00 | WARN | repo=course-sys-int-activemq-seminar | action=edit | files=5
2025-05-18 15:27:00 | DEBUG | repo=course-sys-int-activemq-seminar | action=commit
2025-08-03 15:22:00 | INFO | repo=course-sys-int-activemq-seminar | action=commit
2025-01-24 10:56:00 | WARN | repo=course-sys-int-activemq-seminar | action=commit
2025-01-05 19:23:00 | INFO | repo=course-sys-int-activemq-seminar | action=commit
2025-03-23 21:36:00 | INFO | repo=course-sys-int-activemq-seminar | action=commit
2025-03-25 19:56:00 | WARN | repo=course-sys-int-activemq-seminar | action=commit
2025-12-08 15:07:00 | INFO | repo=course-sys-int-activemq-seminar | action=commit
2025-07-27 13:30:00 | DEBUG | repo=course-sys-int-activemq-seminar | action=commit
2025-07-04 08:06:00 | DEBUG | repo=course-sys-int-activemq-seminar | action=commit
2025-07-27 14:52:00 | DEBUG | repo=course-sys-int-activemq-seminar | action=commit
2025-01-14 10:43:00 | WARN | repo=course-sys-int-activemq-seminar | action=commit
2025-08-06 21:02:00 | WARN | repo=course-sys-int-activemq-seminar | action=commit
2025-06-24 19:20:00 | INFO | repo=course-sys-int-activemq-seminar | action=commit
2025-08-14 15:16:00 | WARN | repo=course-sys-int-activemq-seminar | action=commit
2025-05-03 12:34:00 | INFO | repo=course-sys-int-activemq-seminar | action=commit
2025-09-04 11:28:00 | WARN | repo=course-sys-int-activemq-seminar | action=commit
2025-08-20 19:31:00 | WARN | repo=course-sys-int-activemq-seminar | action=commit
2025-01-22 20:36:00 | WARN | repo=course-sys-int-activemq-seminar | action=commit
